GR-IDENTIFICACAO-UORG                   N 0014
IT-NO-UNIDADE-ORGANIZACIONAL            A 0040
IT-SG-UNIDADE-ORGANIZACIONAL            A 0010
IT-SG-UF                                A 0002
GR-CEST-IDENTIFICACAO-UPAG              N 0014
IT-CO-UNIDADE-GESTORA                   N 0006
GR-UORG-ANTECEDENTES                    A 0090
